============================================================
Testing SSID Preprocessing
============================================================
.venv\Scripts\python.
exe : Traceback 
(most recent call 
last):
At line:1 char:1
+ .venv\Scripts\pytho
n.exe test_ssid.py > 
test_output.txt 2>&1 
; Get-Co ...
+ ~~~~~~~~~~~~~~~~~~~
~~~~~~~~~~~~~~~~~~~~~
~~~~~~~~~~~~~~~~~~~~
    + CategoryInfo   
           : NotSpe  
  cified: (Traceba   
 ck (most recent     
call last)::Stri    
ng) [], RemoteEx    
ception
    + FullyQualified 
   ErrorId : Native  
  CommandError
 
  File "C:\Users\sury
a_prakash\Desktop\pyt
hon_codes\me\auto_sig
nal_algo\test_ssid.py
", line 11, in 
preprocess_ssid
    
print(f"\U0001f4e5 
Original SSID: 
{ssid}")
  File "C:\Program Fi
les\Python39\lib\enco
dings\cp1252.py", 
line 19, in encode
    return codecs.cha
rmap_encode(input,sel
f.errors,encoding_tab
le)[0]
UnicodeEncodeError: 
'charmap' codec 
can't encode 
character 
'\U0001f4e5' in 
position 0: 
character maps to 
<undefined>

During handling of 
the above exception, 
another exception 
occurred:

Traceback (most 
recent call last):
  File "C:\Users\sury
a_prakash\Desktop\pyt
hon_codes\me\auto_sig
nal_algo\test_ssid.py
", line 71, in 
<module>
    
asyncio.run(main())
  File "C:\Program Fi
les\Python39\lib\asyn
cio\runners.py", 
line 44, in run
    return loop.run_u
ntil_complete(main)
  File "C:\Program Fi
les\Python39\lib\asyn
cio\base_events.py", 
line 647, in 
run_until_complete
    return 
future.result()
  File "C:\Users\sury
a_prakash\Desktop\pyt
hon_codes\me\auto_sig
nal_algo\test_ssid.py
", line 54, in main
    processed_ssid = 
preprocess_ssid(origi
nal_ssid)
  File "C:\Users\sury
a_prakash\Desktop\pyt
hon_codes\me\auto_sig
nal_algo\test_ssid.py
", line 39, in 
preprocess_ssid
    print(f"\u274c 
Error preprocessing 
SSID: {e}")
  File "C:\Program Fi
les\Python39\lib\enco
dings\cp1252.py", 
line 19, in encode
    return codecs.cha
rmap_encode(input,sel
f.errors,encoding_tab
le)[0]
UnicodeEncodeError: 
'charmap' codec 
can't encode 
character '\u274c' 
in position 0: 
character maps to 
<undefined>
